// Jest Snapshot v1, https://goo.gl/fbAQLP

exports[`PeopleCard should match the snap shot 1`] = `undefined`;
