// Jest Snapshot v1, https://goo.gl/fbAQLP

exports[`VehicleCard should match the snap shot 1`] = `ShallowWrapper {}`;
